<?xml version="1.0" encoding="UTF-8"?><a xml:space="preserve">
  <b xml:space="default"/>
  <c>  </c>
  <d xml:space="preserve">  </d>
  <e xml:space="default"><f xml:space="preserve">  </f></e>
</a>