<?xml version="1.0" encoding="UTF-8"?><html xmlns="http://www.w3.org/1999/xhtml" lang="en" xml:lang="en">
   <body><img src="./a-url-that-needs-escaping-because-of-%EE%90%85-is-in-the-path-although-the-following-should-remain-as-an-entity-&amp;nbsp;" /><p><![CDATA[
         	 fred¡jimharryjilltab-to-three-spaces	CRLF
         
         ]]>
      </p>
      <div><![CDATA[
         	Some non-character-mapped cdata: fred¡jim ]]]]><![CDATA[> breaking the CDATA section up 
         	with another  un-substitued reference & more
         	]]><span>Not CDATA: fred&iexcl;jim</span><![CDATA[
         	still more  CDATA ]]]]><![CDATA[> continued sections.
         ]]>
      </div>
   </body>
</html>