
   &nbsp;fred&iexcl;jim&t-and-c;harry&chap1;jill&chap2;tab-to-three-spaces   CRLF

      